2026-09-05 19:47:21,215 q8_base_it_gatto_sib_s0 status=ok overlay_hits=0 t_decode_ms=326.1 (rtt=328.2ms)
2026-09-05 19:47:21,312 q8_base_it_gatto_sib_s1 status=ok overlay_hits=0 t_decode_ms=93.4 (rtt=95.3ms)
2026-09-05 19:47:21,472 q8_base_it_gatto_paraphrase_same_tail status=ok overlay_hits=0 t_decode_ms=156.9 (rtt=158.8ms)
2026-09-05 19:47:21,632 q8_base_it_gatto_paraphrase_other_tail status=ok overlay_hits=0 t_decode_ms=157.3 (rtt=159.0ms)
2026-09-05 19:47:21,718 q8_base_it_mestiere_sib_s0 status=ok overlay_hits=0 t_decode_ms=82.6 (rtt=84.5ms)
2026-09-05 19:47:21,799 q8_base_it_mestiere_sib_s1 status=ok overlay_hits=0 t_decode_ms=78.0 (rtt=79.7ms)
2026-09-05 19:47:21,893 q8_base_it_mestiere_paraphrase_same_tail status=ok overlay_hits=0 t_decode_ms=91.5 (rtt=93.1ms)
2026-09-05 19:47:22,045 q8_base_it_mestiere_paraphrase_other_tail status=ok overlay_hits=0 t_decode_ms=149.3 (rtt=151.1ms)
2026-09-05 19:47:22,137 q8_base_it_citta_sib_s0 status=ok overlay_hits=0 t_decode_ms=89.6 (rtt=91.3ms)
2026-09-05 19:47:22,346 q8_base_it_citta_sib_s1 status=ok overlay_hits=0 t_decode_ms=205.5 (rtt=207.2ms)
2026-09-05 19:47:22,504 q8_base_it_citta_paraphrase_same_tail status=ok overlay_hits=0 t_decode_ms=154.9 (rtt=156.8ms)
2026-09-05 19:47:22,660 q8_base_it_citta_paraphrase_other_tail status=ok overlay_hits=0 t_decode_ms=153.3 (rtt=154.9ms)
2026-09-05 19:47:22,738 q8_base_it_capitale_sib_s0 status=ok overlay_hits=0 t_decode_ms=74.6 (rtt=76.4ms)
2026-09-05 19:47:22,834 q8_base_it_capitale_sib_s1 status=ok overlay_hits=0 t_decode_ms=92.6 (rtt=94.3ms)
2026-09-05 19:47:23,053 q8_base_it_capitale_paraphrase_same_tail status=ok overlay_hits=0 t_decode_ms=216.5 (rtt=218.4ms)
2026-09-05 19:47:23,145 q8_base_it_capitale_paraphrase_other_tail status=ok overlay_hits=0 t_decode_ms=88.4 (rtt=90.0ms)
2026-09-05 19:47:23,238 q8_base_en_dog_sib_s0 status=ok overlay_hits=0 t_decode_ms=91.0 (rtt=92.6ms)
2026-09-05 19:47:23,347 q8_base_en_dog_sib_s1 status=ok overlay_hits=0 t_decode_ms=106.0 (rtt=107.7ms)
2026-09-05 19:47:23,504 q8_base_en_dog_paraphrase_same_tail status=ok overlay_hits=0 t_decode_ms=153.4 (rtt=155.3ms)
2026-09-05 19:47:23,662 q8_base_en_dog_paraphrase_other_tail status=ok overlay_hits=0 t_decode_ms=154.5 (rtt=156.5ms)
2026-09-05 19:47:23,745 q8_base_en_job_sib_s0 status=ok overlay_hits=0 t_decode_ms=80.3 (rtt=82.0ms)
2026-09-05 19:47:23,845 q8_base_en_job_sib_s1 status=ok overlay_hits=0 t_decode_ms=97.4 (rtt=99.1ms)
2026-09-05 19:47:23,944 q8_base_en_job_paraphrase_same_tail status=ok overlay_hits=0 t_decode_ms=95.8 (rtt=97.3ms)
2026-09-05 19:47:24,109 q8_base_en_job_paraphrase_other_tail status=ok overlay_hits=0 t_decode_ms=162.3 (rtt=163.9ms)
2026-09-05 19:47:24,195 q8_base_en_city_sib_s0 status=ok overlay_hits=0 t_decode_ms=82.7 (rtt=84.3ms)
2026-09-05 19:47:24,394 q8_base_en_city_sib_s1 status=ok overlay_hits=0 t_decode_ms=196.9 (rtt=198.6ms)
2026-09-05 19:47:24,549 q8_base_en_city_paraphrase_same_tail status=ok overlay_hits=0 t_decode_ms=151.8 (rtt=153.5ms)
2026-09-05 19:47:24,642 q8_base_en_city_paraphrase_other_tail status=ok overlay_hits=0 t_decode_ms=89.7 (rtt=91.4ms)
2026-09-05 19:47:24,736 q8_base_en_planet_sib_s0 status=ok overlay_hits=0 t_decode_ms=91.3 (rtt=92.9ms)
2026-09-05 19:47:24,847 q8_base_en_planet_sib_s1 status=ok overlay_hits=0 t_decode_ms=108.1 (rtt=109.8ms)
2026-09-05 19:47:25,004 q8_base_en_planet_paraphrase_same_tail status=ok overlay_hits=0 t_decode_ms=153.6 (rtt=155.2ms)
2026-09-05 19:47:25,158 q8_base_en_planet_paraphrase_other_tail status=ok overlay_hits=0 t_decode_ms=150.9 (rtt=152.6ms)
2026-09-05 19:47:25,309 q8_it_gatto_trigger status=ok overlay_hits=16 t_decode_ms=147.7 (rtt=150.0ms)
2026-09-05 19:47:25,495 q8_it_gatto_greedy0 status=ok overlay_hits=16 t_decode_ms=166.9 (rtt=168.8ms)
2026-09-05 19:47:25,648 q8_it_gatto_greedy1 status=ok overlay_hits=32 t_decode_ms=150.5 (rtt=152.1ms)
2026-09-05 19:47:25,803 q8_it_gatto_greedy2 status=ok overlay_hits=48 t_decode_ms=152.6 (rtt=154.3ms)
2026-09-05 19:47:25,961 q8_it_gatto_greedy3 status=ok overlay_hits=48 t_decode_ms=155.5 (rtt=157.1ms)
2026-09-05 19:47:26,123 q8_it_gatto_greedy4 status=ok overlay_hits=48 t_decode_ms=158.8 (rtt=160.5ms)
2026-09-05 19:47:26,270 q8_it_gatto_sib_s0 status=ok overlay_hits=8 t_decode_ms=144.7 (rtt=146.4ms)
2026-09-05 19:47:26,368 q8_it_gatto_sib_s1 status=ok overlay_hits=8 t_decode_ms=93.5 (rtt=95.2ms)
2026-09-05 19:47:26,369 Q8 fact it_gatto measured
2026-09-05 19:47:26,456 q8_it_mestiere_trigger status=ok overlay_hits=16 t_decode_ms=84.7 (rtt=86.8ms)
2026-09-05 19:47:26,578 q8_it_mestiere_greedy0 status=ok overlay_hits=16 t_decode_ms=101.8 (rtt=103.7ms)
2026-09-05 19:47:26,672 q8_it_mestiere_greedy1 status=ok overlay_hits=32 t_decode_ms=91.9 (rtt=93.7ms)
2026-09-05 19:47:26,819 q8_it_mestiere_greedy2 status=ok overlay_hits=48 t_decode_ms=144.3 (rtt=145.9ms)
2026-09-05 19:47:26,969 q8_it_mestiere_greedy3 status=ok overlay_hits=48 t_decode_ms=147.4 (rtt=149.0ms)
2026-09-05 19:47:27,122 q8_it_mestiere_greedy4 status=ok overlay_hits=48 t_decode_ms=150.8 (rtt=152.6ms)
2026-09-05 19:47:27,206 q8_it_mestiere_sib_s0 status=ok overlay_hits=8 t_decode_ms=80.6 (rtt=82.3ms)
2026-09-05 19:47:27,285 q8_it_mestiere_sib_s1 status=ok overlay_hits=8 t_decode_ms=76.2 (rtt=77.8ms)
2026-09-05 19:47:27,287 Q8 fact it_mestiere measured
2026-09-05 19:47:27,378 q8_it_citta_trigger status=ok overlay_hits=16 t_decode_ms=88.7 (rtt=90.6ms)
2026-09-05 19:47:27,607 q8_it_citta_greedy0 status=ok overlay_hits=16 t_decode_ms=210.2 (rtt=212.0ms)
2026-09-05 19:47:27,751 q8_it_citta_greedy1 status=ok overlay_hits=32 t_decode_ms=141.8 (rtt=143.6ms)
2026-09-05 19:47:27,897 q8_it_citta_greedy2 status=ok overlay_hits=32 t_decode_ms=143.7 (rtt=145.3ms)
2026-09-05 19:47:28,046 q8_it_citta_greedy3 status=ok overlay_hits=32 t_decode_ms=147.4 (rtt=149.0ms)
2026-09-05 19:47:28,139 q8_it_citta_sib_s0 status=ok overlay_hits=8 t_decode_ms=89.9 (rtt=91.5ms)
2026-09-05 19:47:28,355 q8_it_citta_sib_s1 status=ok overlay_hits=8 t_decode_ms=213.9 (rtt=215.5ms)
2026-09-05 19:47:28,356 Q8 fact it_citta measured
2026-09-05 19:47:28,432 q8_it_capitale_trigger status=ok overlay_hits=16 t_decode_ms=73.5 (rtt=75.4ms)
2026-09-05 19:47:28,540 q8_it_capitale_greedy0 status=ok overlay_hits=16 t_decode_ms=90.5 (rtt=92.3ms)
2026-09-05 19:47:28,621 q8_it_capitale_greedy1 status=ok overlay_hits=16 t_decode_ms=78.4 (rtt=80.0ms)
2026-09-05 19:47:28,707 q8_it_capitale_greedy2 status=ok overlay_hits=16 t_decode_ms=83.6 (rtt=85.1ms)
2026-09-05 19:47:28,796 q8_it_capitale_greedy3 status=ok overlay_hits=16 t_decode_ms=86.5 (rtt=88.2ms)
2026-09-05 19:47:28,871 q8_it_capitale_sib_s0 status=ok overlay_hits=8 t_decode_ms=73.4 (rtt=75.0ms)
2026-09-05 19:47:29,060 q8_it_capitale_sib_s1 status=ok overlay_hits=8 t_decode_ms=185.9 (rtt=187.6ms)
2026-09-05 19:47:29,061 Q8 fact it_capitale measured
2026-09-05 19:47:29,153 q8_en_dog_trigger status=ok overlay_hits=16 t_decode_ms=89.0 (rtt=90.9ms)
2026-09-05 19:47:29,278 q8_en_dog_greedy0 status=ok overlay_hits=16 t_decode_ms=106.1 (rtt=107.9ms)
2026-09-05 19:47:29,374 q8_en_dog_greedy1 status=ok overlay_hits=16 t_decode_ms=92.7 (rtt=94.6ms)
2026-09-05 19:47:29,525 q8_en_dog_greedy2 status=ok overlay_hits=16 t_decode_ms=148.9 (rtt=150.5ms)
2026-09-05 19:47:29,615 q8_en_dog_sib_s0 status=ok overlay_hits=8 t_decode_ms=87.4 (rtt=89.2ms)
2026-09-05 19:47:29,823 q8_en_dog_sib_s1 status=ok overlay_hits=8 t_decode_ms=203.9 (rtt=205.8ms)
2026-09-05 19:47:29,823 Q8 fact en_dog measured
2026-09-05 19:47:29,908 q8_en_job_trigger status=ok overlay_hits=16 t_decode_ms=80.9 (rtt=83.3ms)
2026-09-05 19:47:30,031 q8_en_job_greedy0 status=ok overlay_hits=16 t_decode_ms=97.8 (rtt=99.8ms)
2026-09-05 19:47:30,125 q8_en_job_greedy1 status=ok overlay_hits=32 t_decode_ms=90.6 (rtt=92.6ms)
2026-09-05 19:47:30,225 q8_en_job_greedy2 status=ok overlay_hits=48 t_decode_ms=96.6 (rtt=98.7ms)
2026-09-05 19:47:30,377 q8_en_job_greedy3 status=ok overlay_hits=48 t_decode_ms=148.6 (rtt=151.0ms)
2026-09-05 19:47:30,533 q8_en_job_greedy4 status=ok overlay_hits=48 t_decode_ms=152.4 (rtt=154.5ms)
2026-09-05 19:47:30,617 q8_en_job_sib_s0 status=ok overlay_hits=8 t_decode_ms=81.1 (rtt=83.0ms)
2026-09-05 19:47:30,824 q8_en_job_sib_s1 status=ok overlay_hits=8 t_decode_ms=203.1 (rtt=205.1ms)
2026-09-05 19:47:30,825 Q8 fact en_job measured
2026-09-05 19:47:30,906 q8_en_city_trigger status=ok overlay_hits=16 t_decode_ms=77.5 (rtt=79.8ms)
2026-09-05 19:47:31,014 q8_en_city_greedy0 status=ok overlay_hits=16 t_decode_ms=77.5 (rtt=79.5ms)
2026-09-05 19:47:31,106 q8_en_city_greedy1 status=ok overlay_hits=32 t_decode_ms=88.5 (rtt=90.5ms)
2026-09-05 19:47:31,203 q8_en_city_greedy2 status=ok overlay_hits=32 t_decode_ms=94.0 (rtt=96.1ms)
2026-09-05 19:47:31,351 q8_en_city_greedy3 status=ok overlay_hits=32 t_decode_ms=144.6 (rtt=146.7ms)
2026-09-05 19:47:31,438 q8_en_city_sib_s0 status=ok overlay_hits=8 t_decode_ms=84.4 (rtt=86.3ms)
2026-09-05 19:47:31,653 q8_en_city_sib_s1 status=ok overlay_hits=8 t_decode_ms=211.2 (rtt=213.1ms)
2026-09-05 19:47:31,654 Q8 fact en_city measured
2026-09-05 19:47:31,746 q8_en_planet_trigger status=ok overlay_hits=16 t_decode_ms=89.3 (rtt=91.5ms)
2026-09-05 19:47:31,885 q8_en_planet_greedy0 status=ok overlay_hits=16 t_decode_ms=107.1 (rtt=109.3ms)
2026-09-05 19:47:32,034 q8_en_planet_greedy1 status=ok overlay_hits=16 t_decode_ms=145.8 (rtt=147.9ms)
2026-09-05 19:47:32,184 q8_en_planet_greedy2 status=ok overlay_hits=16 t_decode_ms=147.1 (rtt=148.8ms)
2026-09-05 19:47:32,276 q8_en_planet_sib_s0 status=ok overlay_hits=8 t_decode_ms=89.0 (rtt=90.8ms)
2026-09-05 19:47:32,492 q8_en_planet_sib_s1 status=ok overlay_hits=8 t_decode_ms=212.9 (rtt=214.9ms)
2026-09-05 19:47:32,493 Q8 fact en_planet measured
2026-09-05 19:47:32,644 q8m_it_gatto_trigger status=ok overlay_hits=16 t_decode_ms=148.3 (rtt=150.2ms)
2026-09-05 19:47:32,832 q8m_it_gatto_greedy0 status=ok overlay_hits=16 t_decode_ms=166.6 (rtt=168.7ms)
2026-09-05 19:47:32,984 q8m_it_gatto_greedy1 status=ok overlay_hits=32 t_decode_ms=150.1 (rtt=151.9ms)
2026-09-05 19:47:33,139 q8m_it_gatto_greedy2 status=ok overlay_hits=48 t_decode_ms=152.3 (rtt=154.1ms)
2026-09-05 19:47:33,297 q8m_it_gatto_greedy3 status=ok overlay_hits=48 t_decode_ms=154.9 (rtt=156.6ms)
2026-09-05 19:47:33,458 q8m_it_gatto_greedy4 status=ok overlay_hits=48 t_decode_ms=158.4 (rtt=160.3ms)
2026-09-05 19:47:33,607 q8m_it_gatto_sib_s0 status=ok overlay_hits=8 t_decode_ms=146.2 (rtt=148.1ms)
2026-09-05 19:47:33,703 q8m_it_gatto_sib_s1 status=ok overlay_hits=8 t_decode_ms=92.3 (rtt=94.3ms)
2026-09-05 19:47:33,865 q8m_it_gatto_paraphrase_same_tail status=ok overlay_hits=16 t_decode_ms=158.1 (rtt=160.3ms)
2026-09-05 19:47:34,061 q8m_it_gatto_paraphrase_other_tail status=ok overlay_hits=8 t_decode_ms=155.7 (rtt=158.0ms)
2026-09-05 19:47:34,082 Q2/Q4 fact it_gatto measured (merged)
2026-09-05 19:47:34,173 q8m_en_dog_trigger status=ok overlay_hits=16 t_decode_ms=88.6 (rtt=90.8ms)
2026-09-05 19:47:34,311 q8m_en_dog_greedy0 status=ok overlay_hits=16 t_decode_ms=105.9 (rtt=108.4ms)
2026-09-05 19:47:34,410 q8m_en_dog_greedy1 status=ok overlay_hits=16 t_decode_ms=96.1 (rtt=98.2ms)
2026-09-05 19:47:34,563 q8m_en_dog_greedy2 status=ok overlay_hits=16 t_decode_ms=150.0 (rtt=152.2ms)
2026-09-05 19:47:34,661 q8m_en_dog_sib_s0 status=ok overlay_hits=8 t_decode_ms=93.8 (rtt=96.1ms)
2026-09-05 19:47:34,885 q8m_en_dog_sib_s1 status=ok overlay_hits=8 t_decode_ms=219.4 (rtt=221.4ms)
2026-09-05 19:47:35,040 q8m_en_dog_paraphrase_same_tail status=ok overlay_hits=16 t_decode_ms=151.6 (rtt=153.7ms)
2026-09-05 19:47:35,217 q8m_en_dog_paraphrase_other_tail status=ok overlay_hits=8 t_decode_ms=153.3 (rtt=155.4ms)
2026-09-05 19:47:35,235 Q2/Q4 fact en_dog measured (merged)
2026-09-05 19:47:35,322 q8m_it_mestiere_trigger status=ok overlay_hits=16 t_decode_ms=84.0 (rtt=86.1ms)
2026-09-05 19:47:35,547 q8m_it_mestiere_greedy0 status=ok overlay_hits=16 t_decode_ms=197.2 (rtt=199.1ms)
2026-09-05 19:47:35,640 q8m_it_mestiere_greedy1 status=ok overlay_hits=32 t_decode_ms=89.3 (rtt=91.3ms)
2026-09-05 19:47:35,789 q8m_it_mestiere_greedy2 status=ok overlay_hits=48 t_decode_ms=146.1 (rtt=148.4ms)
2026-09-05 19:47:35,942 q8m_it_mestiere_greedy3 status=ok overlay_hits=48 t_decode_ms=149.4 (rtt=151.6ms)
2026-09-05 19:47:36,097 q8m_it_mestiere_greedy4 status=ok overlay_hits=48 t_decode_ms=152.0 (rtt=154.0ms)
2026-09-05 19:47:36,180 q8m_it_mestiere_sib_s0 status=ok overlay_hits=8 t_decode_ms=79.4 (rtt=81.4ms)
2026-09-05 19:47:36,262 q8m_it_mestiere_sib_s1 status=ok overlay_hits=8 t_decode_ms=78.1 (rtt=80.3ms)
2026-09-05 19:47:36,363 q8m_it_mestiere_paraphrase_same_tail status=ok overlay_hits=16 t_decode_ms=96.6 (rtt=98.9ms)
2026-09-05 19:47:36,553 q8m_it_mestiere_paraphrase_other_tail status=ok overlay_hits=0 t_decode_ms=148.4 (rtt=150.5ms)
2026-09-05 19:47:36,576 Q2/Q4 fact it_mestiere measured (merged)
2026-09-05 19:47:36,659 q8m_en_job_trigger status=ok overlay_hits=16 t_decode_ms=80.3 (rtt=82.3ms)
2026-09-05 19:47:36,786 q8m_en_job_greedy0 status=ok overlay_hits=16 t_decode_ms=97.9 (rtt=100.2ms)
2026-09-05 19:47:36,880 q8m_en_job_greedy1 status=ok overlay_hits=32 t_decode_ms=91.0 (rtt=93.3ms)
2026-09-05 19:47:36,983 q8m_en_job_greedy2 status=ok overlay_hits=48 t_decode_ms=100.0 (rtt=102.2ms)
2026-09-05 19:47:37,136 q8m_en_job_greedy3 status=ok overlay_hits=48 t_decode_ms=148.8 (rtt=151.1ms)
2026-09-05 19:47:37,292 q8m_en_job_greedy4 status=ok overlay_hits=48 t_decode_ms=152.3 (rtt=154.6ms)
2026-09-05 19:47:37,378 q8m_en_job_sib_s0 status=ok overlay_hits=8 t_decode_ms=82.7 (rtt=84.9ms)
2026-09-05 19:47:37,592 q8m_en_job_sib_s1 status=ok overlay_hits=8 t_decode_ms=210.8 (rtt=212.8ms)
2026-09-05 19:47:37,689 q8m_en_job_paraphrase_same_tail status=ok overlay_hits=16 t_decode_ms=93.4 (rtt=95.3ms)
2026-09-05 19:47:37,886 q8m_en_job_paraphrase_other_tail status=ok overlay_hits=8 t_decode_ms=161.7 (rtt=164.0ms)
2026-09-05 19:47:37,910 Q2/Q4 fact en_job measured (merged)
2026-09-05 19:47:38,001 q8m_it_citta_trigger status=ok overlay_hits=16 t_decode_ms=88.1 (rtt=90.4ms)
2026-09-05 19:47:38,136 q8m_it_citta_greedy0 status=ok overlay_hits=16 t_decode_ms=105.3 (rtt=107.7ms)
2026-09-05 19:47:38,283 q8m_it_citta_greedy1 status=ok overlay_hits=32 t_decode_ms=143.9 (rtt=146.2ms)
2026-09-05 19:47:38,432 q8m_it_citta_greedy2 status=ok overlay_hits=32 t_decode_ms=145.5 (rtt=147.7ms)
2026-09-05 19:47:38,582 q8m_it_citta_greedy3 status=ok overlay_hits=32 t_decode_ms=147.4 (rtt=149.4ms)
2026-09-05 19:47:38,674 q8m_it_citta_sib_s0 status=ok overlay_hits=8 t_decode_ms=88.8 (rtt=90.9ms)
2026-09-05 19:47:38,898 q8m_it_citta_sib_s1 status=ok overlay_hits=8 t_decode_ms=219.6 (rtt=221.8ms)
2026-09-05 19:47:39,055 q8m_it_citta_paraphrase_same_tail status=ok overlay_hits=16 t_decode_ms=153.7 (rtt=155.9ms)
2026-09-05 19:47:39,232 q8m_it_citta_paraphrase_other_tail status=ok overlay_hits=8 t_decode_ms=152.4 (rtt=154.6ms)
2026-09-05 19:47:39,251 Q2/Q4 fact it_citta measured (merged)
2026-09-05 19:47:39,334 q8m_en_city_trigger status=ok overlay_hits=16 t_decode_ms=79.8 (rtt=82.1ms)
2026-09-05 19:47:39,459 q8m_en_city_greedy0 status=ok overlay_hits=16 t_decode_ms=96.8 (rtt=99.2ms)
2026-09-05 19:47:39,551 q8m_en_city_greedy1 status=ok overlay_hits=32 t_decode_ms=88.2 (rtt=90.5ms)
2026-09-05 19:47:39,649 q8m_en_city_greedy2 status=ok overlay_hits=32 t_decode_ms=94.7 (rtt=96.9ms)
2026-09-05 19:47:39,797 q8m_en_city_greedy3 status=ok overlay_hits=32 t_decode_ms=144.5 (rtt=146.9ms)
2026-09-05 19:47:39,885 q8m_en_city_sib_s0 status=ok overlay_hits=8 t_decode_ms=84.7 (rtt=87.0ms)
2026-09-05 19:47:40,102 q8m_en_city_sib_s1 status=ok overlay_hits=8 t_decode_ms=213.6 (rtt=215.8ms)
2026-09-05 19:47:40,255 q8m_en_city_paraphrase_same_tail status=ok overlay_hits=16 t_decode_ms=149.5 (rtt=151.5ms)
2026-09-05 19:47:40,367 q8m_en_city_paraphrase_other_tail status=ok overlay_hits=0 t_decode_ms=87.7 (rtt=90.0ms)
2026-09-05 19:47:40,392 Q2/Q4 fact en_city measured (merged)
2026-09-05 19:47:40,469 q8m_it_capitale_trigger status=ok overlay_hits=16 t_decode_ms=73.1 (rtt=75.3ms)
2026-09-05 19:47:40,680 q8m_it_capitale_greedy0 status=ok overlay_hits=16 t_decode_ms=187.6 (rtt=189.5ms)
2026-09-05 19:47:40,761 q8m_it_capitale_greedy1 status=ok overlay_hits=16 t_decode_ms=77.7 (rtt=79.8ms)
2026-09-05 19:47:40,849 q8m_it_capitale_greedy2 status=ok overlay_hits=16 t_decode_ms=84.5 (rtt=86.7ms)
2026-09-05 19:47:40,942 q8m_it_capitale_greedy3 status=ok overlay_hits=16 t_decode_ms=89.9 (rtt=92.1ms)
2026-09-05 19:47:41,023 q8m_it_capitale_sib_s0 status=ok overlay_hits=8 t_decode_ms=77.6 (rtt=79.8ms)
2026-09-05 19:47:41,232 q8m_it_capitale_sib_s1 status=ok overlay_hits=8 t_decode_ms=205.1 (rtt=207.2ms)
2026-09-05 19:47:41,381 q8m_it_capitale_paraphrase_same_tail status=ok overlay_hits=16 t_decode_ms=145.4 (rtt=147.4ms)
2026-09-05 19:47:41,488 q8m_it_capitale_paraphrase_other_tail status=ok overlay_hits=0 t_decode_ms=86.7 (rtt=89.1ms)
2026-09-05 19:47:41,513 Q2/Q4 fact it_capitale measured (merged)
2026-09-05 19:47:41,624 q8m_en_planet_trigger status=ok overlay_hits=16 t_decode_ms=108.2 (rtt=110.5ms)
2026-09-05 19:47:41,738 q8m_en_planet_greedy0 status=ok overlay_hits=16 t_decode_ms=87.2 (rtt=89.3ms)
2026-09-05 19:47:41,886 q8m_en_planet_greedy1 status=ok overlay_hits=16 t_decode_ms=145.5 (rtt=147.5ms)
2026-09-05 19:47:42,038 q8m_en_planet_greedy2 status=ok overlay_hits=16 t_decode_ms=148.3 (rtt=150.6ms)
2026-09-05 19:47:42,131 q8m_en_planet_sib_s0 status=ok overlay_hits=8 t_decode_ms=89.6 (rtt=91.6ms)
2026-09-05 19:47:42,355 q8m_en_planet_sib_s1 status=ok overlay_hits=8 t_decode_ms=220.1 (rtt=222.2ms)
2026-09-05 19:47:42,511 q8m_en_planet_paraphrase_same_tail status=ok overlay_hits=16 t_decode_ms=153.0 (rtt=155.0ms)
2026-09-05 19:47:42,686 q8m_en_planet_paraphrase_other_tail status=ok overlay_hits=0 t_decode_ms=150.1 (rtt=152.1ms)
2026-09-05 19:47:42,703 Q2/Q4 fact en_planet measured (merged)
2026-09-05 19:47:48,007 q8m_corpus_it_base status=ok overlay_hits=0 t_decode_ms=4139.0 (rtt=4306.3ms)
2026-09-05 19:47:52,525 q8m_corpus_it_merged status=ok overlay_hits=0 t_decode_ms=3589.5 (rtt=3780.1ms)
2026-09-05 19:47:58,614 q8m_corpus_en_base status=ok overlay_hits=0 t_decode_ms=3778.1 (rtt=4006.5ms)
2026-09-05 19:48:02,976 q8m_corpus_en_merged status=ok overlay_hits=0 t_decode_ms=3719.5 (rtt=3947.2ms)
2026-09-05 19:48:04,201 q8m_doc_it_base status=ok overlay_hits=0 t_decode_ms=303.7 (rtt=311.1ms)
2026-09-05 19:48:04,545 q8m_doc_it_merged status=ok overlay_hits=128 t_decode_ms=320.9 (rtt=328.1ms)
2026-09-05 19:48:04,877 q8m_doc_en_base status=ok overlay_hits=0 t_decode_ms=282.6 (rtt=289.7ms)
2026-09-05 19:48:05,192 q8m_doc_en_merged status=ok overlay_hits=96 t_decode_ms=297.2 (rtt=302.8ms)
2026-09-05 19:48:05,732 Q8 phase: 71.9s
2026-09-05 19:48:41,588 f32_it_gatto_0_base status=ok overlay_hits=0 t_decode_ms=1356.9 (rtt=1359.6ms)
2026-09-05 19:48:43,037 f32_it_gatto_0_free status=ok overlay_hits=16 t_decode_ms=1443.1 (rtt=1446.1ms)
2026-09-05 19:48:44,136 f32_it_gatto_1_base status=ok overlay_hits=16 t_decode_ms=1090.4 (rtt=1092.9ms)
2026-09-05 19:48:45,228 f32_it_gatto_1_free status=ok overlay_hits=32 t_decode_ms=1088.2 (rtt=1090.7ms)
2026-09-05 19:48:46,351 f32_it_gatto_2_base status=ok overlay_hits=32 t_decode_ms=1116.2 (rtt=1118.7ms)
2026-09-05 19:48:47,468 f32_it_gatto_2_free status=ok overlay_hits=48 t_decode_ms=1113.3 (rtt=1115.9ms)
2026-09-05 19:48:48,299 f32_it_mestiere_0_base status=ok overlay_hits=0 t_decode_ms=825.4 (rtt=827.9ms)
2026-09-05 19:48:49,193 f32_it_mestiere_0_free status=ok overlay_hits=16 t_decode_ms=819.9 (rtt=892.6ms)
2026-09-05 19:48:50,093 f32_it_mestiere_1_base status=ok overlay_hits=16 t_decode_ms=894.1 (rtt=896.6ms)
2026-09-05 19:48:50,981 f32_it_mestiere_1_free status=ok overlay_hits=32 t_decode_ms=884.7 (rtt=887.0ms)
2026-09-05 19:48:52,000 f32_it_mestiere_2_base status=ok overlay_hits=32 t_decode_ms=1013.4 (rtt=1015.9ms)
2026-09-05 19:48:53,010 f32_it_mestiere_2_free status=ok overlay_hits=48 t_decode_ms=1007.1 (rtt=1009.4ms)
2026-09-05 19:48:53,882 f32_it_citta_0_base status=ok overlay_hits=0 t_decode_ms=865.9 (rtt=868.3ms)
2026-09-05 19:48:54,743 f32_it_citta_0_free status=ok overlay_hits=16 t_decode_ms=857.3 (rtt=860.1ms)
2026-09-05 19:48:55,704 f32_it_citta_1_base status=ok overlay_hits=16 t_decode_ms=954.9 (rtt=957.4ms)
2026-09-05 19:48:56,663 f32_it_citta_1_free status=ok overlay_hits=32 t_decode_ms=955.4 (rtt=957.8ms)
2026-09-05 19:48:57,371 f32_it_capitale_0_base status=ok overlay_hits=0 t_decode_ms=703.5 (rtt=705.8ms)
2026-09-05 19:48:58,077 f32_it_capitale_0_free status=ok overlay_hits=16 t_decode_ms=702.1 (rtt=704.7ms)
2026-09-05 19:48:58,850 f32_it_capitale_1_base status=ok overlay_hits=16 t_decode_ms=767.4 (rtt=769.8ms)
2026-09-05 19:48:59,614 f32_it_capitale_1_free status=ok overlay_hits=32 t_decode_ms=760.3 (rtt=762.6ms)
2026-09-05 19:49:00,507 f32_en_dog_0_base status=ok overlay_hits=0 t_decode_ms=888.0 (rtt=890.4ms)
2026-09-05 19:49:01,407 f32_en_dog_0_free status=ok overlay_hits=16 t_decode_ms=896.0 (rtt=898.7ms)
2026-09-05 19:49:02,220 f32_en_job_0_base status=ok overlay_hits=0 t_decode_ms=808.0 (rtt=810.4ms)
2026-09-05 19:49:03,034 f32_en_job_0_free status=ok overlay_hits=16 t_decode_ms=810.4 (rtt=813.1ms)
2026-09-05 19:49:03,935 f32_en_job_1_base status=ok overlay_hits=16 t_decode_ms=895.2 (rtt=897.7ms)
2026-09-05 19:49:04,830 f32_en_job_1_free status=ok overlay_hits=32 t_decode_ms=891.8 (rtt=894.2ms)
2026-09-05 19:49:05,789 f32_en_job_2_base status=ok overlay_hits=32 t_decode_ms=953.8 (rtt=956.3ms)
2026-09-05 19:49:06,740 f32_en_job_2_free status=ok overlay_hits=48 t_decode_ms=946.7 (rtt=949.1ms)
2026-09-05 19:49:07,553 f32_en_city_0_base status=ok overlay_hits=0 t_decode_ms=807.3 (rtt=809.7ms)
2026-09-05 19:49:08,364 f32_en_city_0_free status=ok overlay_hits=16 t_decode_ms=807.4 (rtt=810.4ms)
2026-09-05 19:49:09,229 f32_en_city_1_base status=ok overlay_hits=16 t_decode_ms=859.6 (rtt=862.1ms)
2026-09-05 19:49:10,086 f32_en_city_1_free status=ok overlay_hits=32 t_decode_ms=853.0 (rtt=855.3ms)
2026-09-05 19:49:10,976 f32_en_planet_0_base status=ok overlay_hits=0 t_decode_ms=884.4 (rtt=886.9ms)
2026-09-05 19:49:11,866 f32_en_planet_0_free status=ok overlay_hits=16 t_decode_ms=885.5 (rtt=888.1ms)
2026-09-05 19:49:12,285 F32 phase: 66.6s
2026-09-05 19:49:12,287 report: results/2026-09-05/report.md
